update_available:a5a6cf6e
